test_files/data4.input: UTF-8 Unicode text, with no line terminators
